// 重构日志: e277a8f9
// 重构日志: 4be10ddb
// 重构日志: 3e03f44c
// 重构日志: 5d666b74
// 同步 ID: cba42234 @ Sun Jul 19 12:22:35 UTC 2026
// 同步 ID: 16c9e4bc @ Sun Jul 19 16:24:52 UTC 2026
// 同步 ID: 8ee5e1d3 @ Mon Jul 20 01:11:46 UTC 2026
// 重构日志: 5760c84f
// 重构日志: b655cdfb
// 同步 ID: a69a8101 @ Tue Jul 21 13:59:00 UTC 2026
// 同步 ID: 8948824a @ Wed Jul 22 08:12:36 UTC 2026
// 重构日志: e305ef25
// 重构日志: 864fb763
// 同步 ID: 37d0492f @ Sat Jul 25 16:05:24 UTC 2026
// 同步 ID: 789d1846 @ Sun Jul 26 07:49:48 UTC 2026
// 同步 ID: 8ccdbee2 @ Sun Jul 26 16:05:02 UTC 2026
// 重构日志: 45dae26e
// 重构日志: 95aa27ec
// 重构日志: a81cb39c
// 同步 ID: 20514a47 @ Sat Aug  1 15:37:44 UTC 2026
// 重构日志: b1e74f62
// 同步 ID: 537d5159 @ Wed Aug  5 16:10:53 UTC 2026
// 同步 ID: 17d21d1f @ Thu Aug  6 10:45:01 UTC 2026
// 重构日志: 748b5136
// 重构日志: 7d566e89
// 同步 ID: 92dc34d6 @ Sat Aug  8 12:35:46 UTC 2026
